{"stage": "PROCESSING", "msg": "video videos/932352844.mp4 1920x1080 @ 25.00 fps, 2494s"}
{"stage": "PROCESSING", "msg": "pitch polygon with 19 points, area 86% of frame"}
{"stage": "PLAYER_DETECTION", "msg": "model yolo11m.pt imgsz 1280 device mps sampling 5.0 fps"}
{"stage": "PLAYER_DETECTION", "msg": "16 frames, t=3s, 1.1 fps, ball 13/16", "progress": 0.001}
{"stage": "PLAYER_DETECTION", "msg": "55 frames, t=11s, 1.8 fps, ball 45/55", "progress": 0.004}
{"stage": "PLAYER_DETECTION", "msg": "105 frames, t=21s, 2.3 fps, ball 85/105", "progress": 0.008}
{"stage": "PLAYER_DETECTION", "msg": "176 frames, t=35s, 2.9 fps, ball 153/176", "progress": 0.014}
{"stage": "PLAYER_DETECTION", "msg": "225 frames, t=45s, 3.0 fps, ball 190/225", "progress": 0.018}
{"stage": "PLAYER_DETECTION", "msg": "273 frames, t=54s, 3.0 fps, ball 224/273", "progress": 0.022}
{"stage": "PLAYER_DETECTION", "msg": "333 frames, t=66s, 3.1 fps, ball 282/333", "progress": 0.027}
{"stage": "PLAYER_DETECTION", "msg": "378 frames, t=75s, 3.1 fps, ball 313/378", "progress": 0.03}
{"stage": "PLAYER_DETECTION", "msg": "425 frames, t=85s, 3.1 fps, ball 347/425", "progress": 0.034}
{"stage": "PLAYER_DETECTION", "msg": "488 frames, t=97s, 3.2 fps, ball 398/488", "progress": 0.039}
{"stage": "PLAYER_DETECTION", "msg": "548 frames, t=109s, 3.3 fps, ball 453/548", "progress": 0.044}
{"stage": "PLAYER_DETECTION", "msg": "598 frames, t=119s, 3.3 fps, ball 482/598", "progress": 0.048}
{"stage": "PLAYER_DETECTION", "msg": "658 frames, t=131s, 3.3 fps, ball 528/658", "progress": 0.053}
{"stage": "PLAYER_DETECTION", "msg": "712 frames, t=142s, 3.4 fps, ball 568/712", "progress": 0.057}
{"stage": "PLAYER_DETECTION", "msg": "769 frames, t=154s, 3.4 fps, ball 612/769", "progress": 0.062}
{"stage": "PLAYER_DETECTION", "msg": "825 frames, t=165s, 3.4 fps, ball 655/825", "progress": 0.066}
{"stage": "PLAYER_DETECTION", "msg": "893 frames, t=178s, 3.5 fps, ball 722/893", "progress": 0.072}
{"stage": "PLAYER_DETECTION", "msg": "943 frames, t=188s, 3.4 fps, ball 752/943", "progress": 0.076}
{"stage": "PLAYER_DETECTION", "msg": "1004 frames, t=201s, 3.5 fps, ball 803/1004", "progress": 0.08}
{"stage": "PLAYER_DETECTION", "msg": "1070 frames, t=214s, 3.5 fps, ball 855/1070", "progress": 0.086}
{"stage": "PLAYER_DETECTION", "msg": "1128 frames, t=225s, 3.5 fps, ball 908/1128", "progress": 0.09}
{"stage": "PLAYER_DETECTION", "msg": "1188 frames, t=237s, 3.6 fps, ball 955/1188", "progress": 0.095}
{"stage": "PLAYER_DETECTION", "msg": "1245 frames, t=249s, 3.6 fps, ball 1005/1245", "progress": 0.1}
{"stage": "PLAYER_DETECTION", "msg": "1302 frames, t=260s, 3.6 fps, ball 1049/1302", "progress": 0.104}
{"stage": "PLAYER_DETECTION", "msg": "1361 frames, t=272s, 3.6 fps, ball 1081/1361", "progress": 0.109}
{"stage": "PLAYER_DETECTION", "msg": "1408 frames, t=281s, 3.6 fps, ball 1118/1408", "progress": 0.113}
{"stage": "PLAYER_DETECTION", "msg": "1444 frames, t=289s, 3.5 fps, ball 1147/1444", "progress": 0.116}
{"stage": "PLAYER_DETECTION", "msg": "1487 frames, t=297s, 3.5 fps, ball 1183/1487", "progress": 0.119}
{"stage": "PLAYER_DETECTION", "msg": "1549 frames, t=310s, 3.5 fps, ball 1235/1549", "progress": 0.124}
{"stage": "PLAYER_DETECTION", "msg": "1610 frames, t=322s, 3.5 fps, ball 1272/1610", "progress": 0.129}
{"stage": "PLAYER_DETECTION", "msg": "1658 frames, t=331s, 3.5 fps, ball 1302/1658", "progress": 0.133}
{"stage": "PLAYER_DETECTION", "msg": "1720 frames, t=344s, 3.5 fps, ball 1348/1720", "progress": 0.138}
{"stage": "PLAYER_DETECTION", "msg": "1770 frames, t=354s, 3.5 fps, ball 1368/1770", "progress": 0.142}
{"stage": "PLAYER_DETECTION", "msg": "1834 frames, t=367s, 3.6 fps, ball 1425/1834", "progress": 0.147}
{"stage": "PLAYER_DETECTION", "msg": "1904 frames, t=381s, 3.6 fps, ball 1481/1904", "progress": 0.153}
{"stage": "PLAYER_DETECTION", "msg": "1970 frames, t=394s, 3.6 fps, ball 1522/1970", "progress": 0.158}
{"stage": "PLAYER_DETECTION", "msg": "2039 frames, t=408s, 3.6 fps, ball 1575/2039", "progress": 0.163}
{"stage": "PLAYER_DETECTION", "msg": "2111 frames, t=422s, 3.7 fps, ball 1626/2111", "progress": 0.169}
{"stage": "PLAYER_DETECTION", "msg": "2168 frames, t=433s, 3.7 fps, ball 1660/2168", "progress": 0.174}
{"stage": "PLAYER_DETECTION", "msg": "2242 frames, t=448s, 3.7 fps, ball 1710/2242", "progress": 0.18}
{"stage": "PLAYER_DETECTION", "msg": "2316 frames, t=463s, 3.7 fps, ball 1766/2316", "progress": 0.186}
{"stage": "PLAYER_DETECTION", "msg": "2382 frames, t=476s, 3.7 fps, ball 1817/2382", "progress": 0.191}
{"stage": "PLAYER_DETECTION", "msg": "2451 frames, t=490s, 3.8 fps, ball 1858/2451", "progress": 0.196}
{"stage": "PLAYER_DETECTION", "msg": "2523 frames, t=504s, 3.8 fps, ball 1911/2523", "progress": 0.202}
{"stage": "PLAYER_DETECTION", "msg": "2600 frames, t=520s, 3.8 fps, ball 1976/2600", "progress": 0.208}
{"stage": "PLAYER_DETECTION", "msg": "2670 frames, t=534s, 3.8 fps, ball 2018/2670", "progress": 0.214}
{"stage": "PLAYER_DETECTION", "msg": "2737 frames, t=547s, 3.8 fps, ball 2060/2737", "progress": 0.219}
{"stage": "PLAYER_DETECTION", "msg": "2807 frames, t=561s, 3.9 fps, ball 2090/2807", "progress": 0.225}
{"stage": "PLAYER_DETECTION", "msg": "2869 frames, t=574s, 3.9 fps, ball 2126/2869", "progress": 0.23}
{"stage": "PLAYER_DETECTION", "msg": "2929 frames, t=586s, 3.9 fps, ball 2150/2929", "progress": 0.235}
{"stage": "PLAYER_DETECTION", "msg": "2968 frames, t=593s, 3.8 fps, ball 2171/2968", "progress": 0.238}
{"stage": "PLAYER_DETECTION", "msg": "3001 frames, t=600s, 3.8 fps, ball 2192/3001", "progress": 0.241}
{"stage": "PLAYER_DETECTION", "msg": "3037 frames, t=607s, 3.8 fps, ball 2213/3037", "progress": 0.243}
{"stage": "PLAYER_DETECTION", "msg": "3074 frames, t=615s, 3.7 fps, ball 2247/3074", "progress": 0.246}
{"stage": "PLAYER_DETECTION", "msg": "3100 frames, t=620s, 3.7 fps, ball 2268/3100", "progress": 0.249}
{"stage": "PLAYER_DETECTION", "msg": "3131 frames, t=626s, 3.7 fps, ball 2294/3131", "progress": 0.251}
{"stage": "PLAYER_DETECTION", "msg": "3161 frames, t=632s, 3.6 fps, ball 2320/3161", "progress": 0.253}
{"stage": "PLAYER_DETECTION", "msg": "3196 frames, t=639s, 3.6 fps, ball 2352/3196", "progress": 0.256}
{"stage": "PLAYER_DETECTION", "msg": "3227 frames, t=645s, 3.6 fps, ball 2378/3227", "progress": 0.259}
{"stage": "PLAYER_DETECTION", "msg": "3256 frames, t=651s, 3.6 fps, ball 2400/3256", "progress": 0.261}
{"stage": "PLAYER_DETECTION", "msg": "3313 frames, t=662s, 3.6 fps, ball 2436/3313", "progress": 0.266}
{"stage": "PLAYER_DETECTION", "msg": "3382 frames, t=676s, 3.6 fps, ball 2484/3382", "progress": 0.271}
{"stage": "PLAYER_DETECTION", "msg": "3414 frames, t=683s, 3.6 fps, ball 2505/3414", "progress": 0.274}
{"stage": "PLAYER_DETECTION", "msg": "3453 frames, t=690s, 3.5 fps, ball 2532/3453", "progress": 0.277}
{"stage": "PLAYER_DETECTION", "msg": "3482 frames, t=696s, 3.5 fps, ball 2547/3482", "progress": 0.279}
{"stage": "PLAYER_DETECTION", "msg": "3514 frames, t=703s, 3.5 fps, ball 2563/3514", "progress": 0.282}
{"stage": "PLAYER_DETECTION", "msg": "3578 frames, t=715s, 3.5 fps, ball 2590/3578", "progress": 0.287}
{"stage": "PLAYER_DETECTION", "msg": "3647 frames, t=729s, 3.5 fps, ball 2625/3647", "progress": 0.292}
{"stage": "PLAYER_DETECTION", "msg": "3725 frames, t=745s, 3.5 fps, ball 2671/3725", "progress": 0.299}
{"stage": "PLAYER_DETECTION", "msg": "3795 frames, t=759s, 3.6 fps, ball 2725/3795", "progress": 0.304}
{"stage": "PLAYER_DETECTION", "msg": "3874 frames, t=775s, 3.6 fps, ball 2792/3874", "progress": 0.311}
{"stage": "PLAYER_DETECTION", "msg": "3956 frames, t=791s, 3.6 fps, ball 2864/3956", "progress": 0.317}
{"stage": "PLAYER_DETECTION", "msg": "4027 frames, t=805s, 3.6 fps, ball 2906/4027", "progress": 0.323}
{"stage": "PLAYER_DETECTION", "msg": "4103 frames, t=820s, 3.6 fps, ball 2963/4103", "progress": 0.329}
{"stage": "PLAYER_DETECTION", "msg": "4168 frames, t=833s, 3.7 fps, ball 3009/4168", "progress": 0.334}
{"stage": "PLAYER_DETECTION", "msg": "4233 frames, t=846s, 3.7 fps, ball 3051/4233", "progress": 0.339}
{"stage": "PLAYER_DETECTION", "msg": "4296 frames, t=859s, 3.7 fps, ball 3086/4296", "progress": 0.344}
{"stage": "PLAYER_DETECTION", "msg": "4364 frames, t=873s, 3.7 fps, ball 3129/4364", "progress": 0.35}
{"stage": "PLAYER_DETECTION", "msg": "4432 frames, t=886s, 3.7 fps, ball 3169/4432", "progress": 0.355}
{"stage": "PLAYER_DETECTION", "msg": "4504 frames, t=901s, 3.7 fps, ball 3220/4504", "progress": 0.361}
{"stage": "PLAYER_DETECTION", "msg": "4566 frames, t=913s, 3.7 fps, ball 3259/4566", "progress": 0.366}
{"stage": "PLAYER_DETECTION", "msg": "4634 frames, t=927s, 3.7 fps, ball 3299/4634", "progress": 0.372}
{"stage": "PLAYER_DETECTION", "msg": "4704 frames, t=941s, 3.7 fps, ball 3343/4704", "progress": 0.377}
{"stage": "PLAYER_DETECTION", "msg": "4782 frames, t=956s, 3.7 fps, ball 3393/4782", "progress": 0.383}
{"stage": "PLAYER_DETECTION", "msg": "4852 frames, t=970s, 3.8 fps, ball 3449/4852", "progress": 0.389}
{"stage": "PLAYER_DETECTION", "msg": "4924 frames, t=985s, 3.8 fps, ball 3500/4924", "progress": 0.395}
{"stage": "PLAYER_DETECTION", "msg": "5003 frames, t=1000s, 3.8 fps, ball 3568/5003", "progress": 0.401}
{"stage": "PLAYER_DETECTION", "msg": "5077 frames, t=1015s, 3.8 fps, ball 3616/5077", "progress": 0.407}
{"stage": "PLAYER_DETECTION", "msg": "5159 frames, t=1032s, 3.8 fps, ball 3677/5159", "progress": 0.414}
{"stage": "PLAYER_DETECTION", "msg": "5235 frames, t=1047s, 3.8 fps, ball 3742/5235", "progress": 0.42}
{"stage": "PLAYER_DETECTION", "msg": "5315 frames, t=1063s, 3.8 fps, ball 3805/5315", "progress": 0.426}
{"stage": "PLAYER_DETECTION", "msg": "5390 frames, t=1078s, 3.9 fps, ball 3864/5390", "progress": 0.432}
{"stage": "PLAYER_DETECTION", "msg": "5457 frames, t=1091s, 3.9 fps, ball 3903/5457", "progress": 0.438}
{"stage": "PLAYER_DETECTION", "msg": "5524 frames, t=1105s, 3.9 fps, ball 3945/5524", "progress": 0.443}
{"stage": "PLAYER_DETECTION", "msg": "5603 frames, t=1120s, 3.9 fps, ball 4009/5603", "progress": 0.449}
{"stage": "PLAYER_DETECTION", "msg": "5673 frames, t=1134s, 3.9 fps, ball 4048/5673", "progress": 0.455}
{"stage": "PLAYER_DETECTION", "msg": "5744 frames, t=1149s, 3.9 fps, ball 4103/5744", "progress": 0.461}
{"stage": "PLAYER_DETECTION", "msg": "5813 frames, t=1162s, 3.9 fps, ball 4157/5813", "progress": 0.466}
{"stage": "PLAYER_DETECTION", "msg": "5895 frames, t=1179s, 3.9 fps, ball 4229/5895", "progress": 0.473}
{"stage": "PLAYER_DETECTION", "msg": "5980 frames, t=1196s, 3.9 fps, ball 4306/5980", "progress": 0.479}
{"stage": "PLAYER_DETECTION", "msg": "6048 frames, t=1209s, 3.9 fps, ball 4352/6048", "progress": 0.485}
{"stage": "PLAYER_DETECTION", "msg": "6113 frames, t=1222s, 3.9 fps, ball 4395/6113", "progress": 0.49}
{"stage": "PLAYER_DETECTION", "msg": "6189 frames, t=1238s, 4.0 fps, ball 4456/6189", "progress": 0.496}
{"stage": "PLAYER_DETECTION", "msg": "6272 frames, t=1254s, 4.0 fps, ball 4531/6272", "progress": 0.503}
{"stage": "PLAYER_DETECTION", "msg": "6346 frames, t=1269s, 4.0 fps, ball 4590/6346", "progress": 0.509}
{"stage": "PLAYER_DETECTION", "msg": "6418 frames, t=1283s, 4.0 fps, ball 4652/6418", "progress": 0.515}
{"stage": "PLAYER_DETECTION", "msg": "6485 frames, t=1297s, 4.0 fps, ball 4692/6485", "progress": 0.52}
{"stage": "PLAYER_DETECTION", "msg": "6553 frames, t=1310s, 4.0 fps, ball 4732/6553", "progress": 0.525}
{"stage": "PLAYER_DETECTION", "msg": "6623 frames, t=1324s, 4.0 fps, ball 4776/6623", "progress": 0.531}
{"stage": "PLAYER_DETECTION", "msg": "6704 frames, t=1341s, 4.0 fps, ball 4845/6704", "progress": 0.538}
{"stage": "PLAYER_DETECTION", "msg": "6777 frames, t=1355s, 4.0 fps, ball 4902/6777", "progress": 0.543}
{"stage": "PLAYER_DETECTION", "msg": "6847 frames, t=1369s, 4.0 fps, ball 4953/6847", "progress": 0.549}
{"stage": "PLAYER_DETECTION", "msg": "6919 frames, t=1384s, 4.0 fps, ball 4994/6919", "progress": 0.555}
{"stage": "PLAYER_DETECTION", "msg": "6994 frames, t=1399s, 4.0 fps, ball 5050/6994", "progress": 0.561}
{"stage": "PLAYER_DETECTION", "msg": "7074 frames, t=1415s, 4.1 fps, ball 5117/7074", "progress": 0.567}
{"stage": "PLAYER_DETECTION", "msg": "7145 frames, t=1429s, 4.1 fps, ball 5172/7145", "progress": 0.573}
{"stage": "PLAYER_DETECTION", "msg": "7220 frames, t=1444s, 4.1 fps, ball 5233/7220", "progress": 0.579}
{"stage": "PLAYER_DETECTION", "msg": "7291 frames, t=1458s, 4.1 fps, ball 5290/7291", "progress": 0.585}
{"stage": "PLAYER_DETECTION", "msg": "7366 frames, t=1473s, 4.1 fps, ball 5340/7366", "progress": 0.591}
{"stage": "PLAYER_DETECTION", "msg": "7441 frames, t=1488s, 4.1 fps, ball 5395/7441", "progress": 0.597}
{"stage": "PLAYER_DETECTION", "msg": "7518 frames, t=1503s, 4.1 fps, ball 5453/7518", "progress": 0.603}
{"stage": "PLAYER_DETECTION", "msg": "7599 frames, t=1520s, 4.1 fps, ball 5517/7599", "progress": 0.609}
{"stage": "PLAYER_DETECTION", "msg": "7674 frames, t=1535s, 4.1 fps, ball 5579/7674", "progress": 0.615}
{"stage": "PLAYER_DETECTION", "msg": "7752 frames, t=1550s, 4.1 fps, ball 5639/7752", "progress": 0.622}
{"stage": "PLAYER_DETECTION", "msg": "7837 frames, t=1567s, 4.1 fps, ball 5722/7837", "progress": 0.628}
{"stage": "PLAYER_DETECTION", "msg": "7918 frames, t=1583s, 4.1 fps, ball 5787/7918", "progress": 0.635}
{"stage": "PLAYER_DETECTION", "msg": "7999 frames, t=1600s, 4.2 fps, ball 5855/7999", "progress": 0.641}
{"stage": "PLAYER_DETECTION", "msg": "8075 frames, t=1615s, 4.2 fps, ball 5920/8075", "progress": 0.647}
{"stage": "PLAYER_DETECTION", "msg": "8147 frames, t=1629s, 4.2 fps, ball 5980/8147", "progress": 0.653}
{"stage": "PLAYER_DETECTION", "msg": "8223 frames, t=1644s, 4.2 fps, ball 6036/8223", "progress": 0.659}
{"stage": "PLAYER_DETECTION", "msg": "8299 frames, t=1660s, 4.2 fps, ball 6097/8299", "progress": 0.665}
{"stage": "PLAYER_DETECTION", "msg": "8379 frames, t=1676s, 4.2 fps, ball 6163/8379", "progress": 0.672}
{"stage": "PLAYER_DETECTION", "msg": "8462 frames, t=1692s, 4.2 fps, ball 6236/8462", "progress": 0.678}
{"stage": "PLAYER_DETECTION", "msg": "8538 frames, t=1707s, 4.2 fps, ball 6299/8538", "progress": 0.685}
{"stage": "PLAYER_DETECTION", "msg": "8617 frames, t=1723s, 4.2 fps, ball 6362/8617", "progress": 0.691}
{"stage": "PLAYER_DETECTION", "msg": "8705 frames, t=1741s, 4.2 fps, ball 6444/8705", "progress": 0.698}
{"stage": "PLAYER_DETECTION", "msg": "8785 frames, t=1757s, 4.2 fps, ball 6516/8785", "progress": 0.704}
{"stage": "PLAYER_DETECTION", "msg": "8862 frames, t=1772s, 4.2 fps, ball 6584/8862", "progress": 0.711}
{"stage": "PLAYER_DETECTION", "msg": "8935 frames, t=1787s, 4.2 fps, ball 6638/8935", "progress": 0.716}
{"stage": "PLAYER_DETECTION", "msg": "9018 frames, t=1803s, 4.2 fps, ball 6711/9018", "progress": 0.723}
{"stage": "PLAYER_DETECTION", "msg": "9098 frames, t=1819s, 4.3 fps, ball 6775/9098", "progress": 0.729}
{"stage": "PLAYER_DETECTION", "msg": "9177 frames, t=1835s, 4.3 fps, ball 6844/9177", "progress": 0.736}
{"stage": "PLAYER_DETECTION", "msg": "9252 frames, t=1850s, 4.3 fps, ball 6903/9252", "progress": 0.742}
{"stage": "PLAYER_DETECTION", "msg": "9323 frames, t=1864s, 4.3 fps, ball 6958/9323", "progress": 0.748}
{"stage": "PLAYER_DETECTION", "msg": "9400 frames, t=1880s, 4.3 fps, ball 7015/9400", "progress": 0.754}
{"stage": "PLAYER_DETECTION", "msg": "9482 frames, t=1896s, 4.3 fps, ball 7095/9482", "progress": 0.76}
{"stage": "PLAYER_DETECTION", "msg": "9560 frames, t=1912s, 4.3 fps, ball 7164/9560", "progress": 0.767}
{"stage": "PLAYER_DETECTION", "msg": "9646 frames, t=1929s, 4.3 fps, ball 7245/9646", "progress": 0.773}
{"stage": "PLAYER_DETECTION", "msg": "9711 frames, t=1942s, 4.3 fps, ball 7284/9711", "progress": 0.779}
{"stage": "PLAYER_DETECTION", "msg": "9792 frames, t=1958s, 4.3 fps, ball 7360/9792", "progress": 0.785}
{"stage": "PLAYER_DETECTION", "msg": "9868 frames, t=1973s, 4.3 fps, ball 7429/9868", "progress": 0.791}
{"stage": "PLAYER_DETECTION", "msg": "9943 frames, t=1988s, 4.3 fps, ball 7484/9943", "progress": 0.797}
{"stage": "PLAYER_DETECTION", "msg": "10024 frames, t=2005s, 4.3 fps, ball 7549/10024", "progress": 0.804}
{"stage": "PLAYER_DETECTION", "msg": "10107 frames, t=2021s, 4.3 fps, ball 7621/10107", "progress": 0.81}
{"stage": "PLAYER_DETECTION", "msg": "10174 frames, t=2035s, 4.3 fps, ball 7661/10174", "progress": 0.816}
{"stage": "PLAYER_DETECTION", "msg": "10252 frames, t=2050s, 4.3 fps, ball 7727/10252", "progress": 0.822}
{"stage": "PLAYER_DETECTION", "msg": "10327 frames, t=2065s, 4.3 fps, ball 7780/10327", "progress": 0.828}
{"stage": "PLAYER_DETECTION", "msg": "10405 frames, t=2081s, 4.3 fps, ball 7842/10405", "progress": 0.834}
{"stage": "PLAYER_DETECTION", "msg": "10484 frames, t=2097s, 4.4 fps, ball 7903/10484", "progress": 0.841}
{"stage": "PLAYER_DETECTION", "msg": "10561 frames, t=2112s, 4.4 fps, ball 7968/10561", "progress": 0.847}
{"stage": "PLAYER_DETECTION", "msg": "10639 frames, t=2128s, 4.4 fps, ball 8034/10639", "progress": 0.853}
{"stage": "PLAYER_DETECTION", "msg": "10725 frames, t=2145s, 4.4 fps, ball 8119/10725", "progress": 0.86}
{"stage": "PLAYER_DETECTION", "msg": "10812 frames, t=2162s, 4.4 fps, ball 8206/10812", "progress": 0.867}
{"stage": "PLAYER_DETECTION", "msg": "10891 frames, t=2178s, 4.4 fps, ball 8276/10891", "progress": 0.873}
{"stage": "PLAYER_DETECTION", "msg": "10962 frames, t=2192s, 4.4 fps, ball 8320/10962", "progress": 0.879}
{"stage": "PLAYER_DETECTION", "msg": "11041 frames, t=2208s, 4.4 fps, ball 8385/11041", "progress": 0.885}
{"stage": "PLAYER_DETECTION", "msg": "11116 frames, t=2223s, 4.4 fps, ball 8441/11116", "progress": 0.891}
{"stage": "PLAYER_DETECTION", "msg": "11186 frames, t=2237s, 4.4 fps, ball 8496/11186", "progress": 0.897}
{"stage": "PLAYER_DETECTION", "msg": "11258 frames, t=2251s, 4.4 fps, ball 8551/11258", "progress": 0.903}
{"stage": "PLAYER_DETECTION", "msg": "11328 frames, t=2265s, 4.4 fps, ball 8590/11328", "progress": 0.908}
{"stage": "PLAYER_DETECTION", "msg": "11412 frames, t=2282s, 4.4 fps, ball 8663/11412", "progress": 0.915}
{"stage": "PLAYER_DETECTION", "msg": "11489 frames, t=2298s, 4.4 fps, ball 8723/11489", "progress": 0.921}
{"stage": "PLAYER_DETECTION", "msg": "11581 frames, t=2316s, 4.4 fps, ball 8807/11581", "progress": 0.929}
{"stage": "PLAYER_DETECTION", "msg": "11660 frames, t=2332s, 4.4 fps, ball 8875/11660", "progress": 0.935}
{"stage": "PLAYER_DETECTION", "msg": "11741 frames, t=2348s, 4.4 fps, ball 8946/11741", "progress": 0.941}
{"stage": "PLAYER_DETECTION", "msg": "11815 frames, t=2363s, 4.4 fps, ball 9010/11815", "progress": 0.947}
{"stage": "PLAYER_DETECTION", "msg": "11889 frames, t=2378s, 4.4 fps, ball 9061/11889", "progress": 0.953}
{"stage": "PLAYER_DETECTION", "msg": "11959 frames, t=2392s, 4.4 fps, ball 9111/11959", "progress": 0.959}
{"stage": "PLAYER_DETECTION", "msg": "12040 frames, t=2408s, 4.4 fps, ball 9178/12040", "progress": 0.965}
{"stage": "PLAYER_DETECTION", "msg": "12101 frames, t=2420s, 4.4 fps, ball 9209/12101", "progress": 0.97}
{"stage": "PLAYER_DETECTION", "msg": "12161 frames, t=2432s, 4.4 fps, ball 9230/12161", "progress": 0.975}
{"stage": "PLAYER_DETECTION", "msg": "12236 frames, t=2447s, 4.4 fps, ball 9285/12236", "progress": 0.981}
{"stage": "PLAYER_DETECTION", "msg": "12308 frames, t=2461s, 4.4 fps, ball 9337/12308", "progress": 0.987}
{"stage": "PLAYER_DETECTION", "msg": "12379 frames, t=2476s, 4.4 fps, ball 9387/12379", "progress": 0.993}
{"stage": "PLAYER_DETECTION", "msg": "12462 frames, t=2492s, 4.4 fps, ball 9458/12462", "progress": 0.999}
{"stage": "PLAYER_DETECTION", "msg": "done: {'frames': 12471, 'persons_raw': 46800, 'persons_on_pitch': 45872, 'ball_full': 80, 'ball_roi': 8894, 'ball_tiled': 491, 'elapsed_s': 2805.4, 'analysis_fps': 4.45, 'ball_rate': 0.759}"}
{"stage": "PLAYER_TRACKING", "msg": "merging track fragments into players"}
{"stage": "PLAYER_TRACKING", "msg": "646 fragments \u2192 18 players; teams ['black', 'white']"}
{"stage": "EVENT_DETECTION", "msg": "possession and events"}
{"stage": "EVENT_DETECTION", "msg": "goal zones: calibrated"}
{"stage": "EVENT_DETECTION", "msg": "528 possessions, 100 events {'TACKLE': 14, 'ASSIST': 6, 'SHOT': 44, 'GOAL': 17, 'KEY_PASS': 12, 'INTERCEPTION': 7}"}
{"stage": "GENERATING_KLIPS", "msg": "writing debug frames"}
{"stage": "READY", "msg": "wrote output/932352844.json"}
