{"stage": "PROCESSING", "msg": "video videos/938101072.mp4 1920x1080 @ 25.00 fps, 2357s"}
{"stage": "PROCESSING", "msg": "pitch polygon with 12 points, area 89% of frame"}
{"stage": "PLAYER_DETECTION", "msg": "model yolo11m.pt imgsz 1280 device mps sampling 5.0 fps"}
{"stage": "PLAYER_DETECTION", "msg": "43 frames, t=8s, 2.7 fps, ball 38/43", "progress": 0.004}
{"stage": "PLAYER_DETECTION", "msg": "87 frames, t=17s, 2.8 fps, ball 54/87", "progress": 0.007}
{"stage": "PLAYER_DETECTION", "msg": "124 frames, t=25s, 2.7 fps, ball 69/124", "progress": 0.01}
{"stage": "PLAYER_DETECTION", "msg": "178 frames, t=35s, 2.9 fps, ball 103/178", "progress": 0.015}
{"stage": "PLAYER_DETECTION", "msg": "236 frames, t=47s, 3.1 fps, ball 145/236", "progress": 0.02}
{"stage": "PLAYER_DETECTION", "msg": "297 frames, t=59s, 3.3 fps, ball 155/297", "progress": 0.025}
{"stage": "PLAYER_DETECTION", "msg": "349 frames, t=70s, 3.3 fps, ball 190/349", "progress": 0.03}
{"stage": "PLAYER_DETECTION", "msg": "407 frames, t=81s, 3.3 fps, ball 219/407", "progress": 0.034}
{"stage": "PLAYER_DETECTION", "msg": "477 frames, t=95s, 3.5 fps, ball 271/477", "progress": 0.04}
{"stage": "PLAYER_DETECTION", "msg": "542 frames, t=108s, 3.6 fps, ball 330/542", "progress": 0.046}
{"stage": "PLAYER_DETECTION", "msg": "606 frames, t=121s, 3.6 fps, ball 373/606", "progress": 0.051}
{"stage": "PLAYER_DETECTION", "msg": "658 frames, t=131s, 3.6 fps, ball 394/658", "progress": 0.056}
{"stage": "PLAYER_DETECTION", "msg": "709 frames, t=142s, 3.6 fps, ball 417/709", "progress": 0.06}
{"stage": "PLAYER_DETECTION", "msg": "769 frames, t=154s, 3.6 fps, ball 443/769", "progress": 0.065}
{"stage": "PLAYER_DETECTION", "msg": "832 frames, t=166s, 3.7 fps, ball 471/832", "progress": 0.071}
{"stage": "PLAYER_DETECTION", "msg": "895 frames, t=179s, 3.7 fps, ball 496/895", "progress": 0.076}
{"stage": "PLAYER_DETECTION", "msg": "961 frames, t=192s, 3.7 fps, ball 544/961", "progress": 0.081}
{"stage": "PLAYER_DETECTION", "msg": "1031 frames, t=206s, 3.8 fps, ball 600/1031", "progress": 0.087}
{"stage": "PLAYER_DETECTION", "msg": "1083 frames, t=216s, 3.8 fps, ball 628/1083", "progress": 0.092}
{"stage": "PLAYER_DETECTION", "msg": "1154 frames, t=231s, 3.8 fps, ball 677/1154", "progress": 0.098}
{"stage": "PLAYER_DETECTION", "msg": "1226 frames, t=245s, 3.9 fps, ball 733/1226", "progress": 0.104}
{"stage": "PLAYER_DETECTION", "msg": "1292 frames, t=258s, 3.9 fps, ball 759/1292", "progress": 0.11}
{"stage": "PLAYER_DETECTION", "msg": "1356 frames, t=271s, 3.9 fps, ball 798/1356", "progress": 0.115}
{"stage": "PLAYER_DETECTION", "msg": "1430 frames, t=286s, 3.9 fps, ball 855/1430", "progress": 0.121}
{"stage": "PLAYER_DETECTION", "msg": "1498 frames, t=299s, 4.0 fps, ball 894/1498", "progress": 0.127}
{"stage": "PLAYER_DETECTION", "msg": "1562 frames, t=312s, 4.0 fps, ball 932/1562", "progress": 0.132}
{"stage": "PLAYER_DETECTION", "msg": "1625 frames, t=325s, 4.0 fps, ball 961/1625", "progress": 0.138}
{"stage": "PLAYER_DETECTION", "msg": "1696 frames, t=339s, 4.0 fps, ball 1007/1696", "progress": 0.144}
{"stage": "PLAYER_DETECTION", "msg": "1766 frames, t=353s, 4.0 fps, ball 1049/1766", "progress": 0.15}
{"stage": "PLAYER_DETECTION", "msg": "1843 frames, t=368s, 4.1 fps, ball 1102/1843", "progress": 0.156}
{"stage": "PLAYER_DETECTION", "msg": "1914 frames, t=383s, 4.1 fps, ball 1124/1914", "progress": 0.162}
{"stage": "PLAYER_DETECTION", "msg": "1988 frames, t=397s, 4.1 fps, ball 1183/1988", "progress": 0.169}
{"stage": "PLAYER_DETECTION", "msg": "2055 frames, t=411s, 4.1 fps, ball 1213/2055", "progress": 0.174}
{"stage": "PLAYER_DETECTION", "msg": "2131 frames, t=426s, 4.1 fps, ball 1264/2131", "progress": 0.181}
{"stage": "PLAYER_DETECTION", "msg": "2206 frames, t=441s, 4.2 fps, ball 1310/2206", "progress": 0.187}
{"stage": "PLAYER_DETECTION", "msg": "2281 frames, t=456s, 4.2 fps, ball 1357/2281", "progress": 0.193}
{"stage": "PLAYER_DETECTION", "msg": "2355 frames, t=471s, 4.2 fps, ball 1411/2355", "progress": 0.2}
{"stage": "PLAYER_DETECTION", "msg": "2425 frames, t=485s, 4.2 fps, ball 1439/2425", "progress": 0.206}
{"stage": "PLAYER_DETECTION", "msg": "2498 frames, t=499s, 4.2 fps, ball 1491/2498", "progress": 0.212}
{"stage": "PLAYER_DETECTION", "msg": "2569 frames, t=514s, 4.2 fps, ball 1535/2569", "progress": 0.218}
{"stage": "PLAYER_DETECTION", "msg": "2652 frames, t=530s, 4.3 fps, ball 1598/2652", "progress": 0.225}
{"stage": "PLAYER_DETECTION", "msg": "2722 frames, t=544s, 4.3 fps, ball 1637/2722", "progress": 0.231}
{"stage": "PLAYER_DETECTION", "msg": "2786 frames, t=557s, 4.3 fps, ball 1661/2786", "progress": 0.236}
{"stage": "PLAYER_DETECTION", "msg": "2859 frames, t=572s, 4.3 fps, ball 1691/2859", "progress": 0.243}
{"stage": "PLAYER_DETECTION", "msg": "2943 frames, t=588s, 4.3 fps, ball 1766/2943", "progress": 0.25}
{"stage": "PLAYER_DETECTION", "msg": "3025 frames, t=605s, 4.3 fps, ball 1835/3025", "progress": 0.257}
{"stage": "PLAYER_DETECTION", "msg": "3100 frames, t=620s, 4.4 fps, ball 1889/3100", "progress": 0.263}
{"stage": "PLAYER_DETECTION", "msg": "3171 frames, t=634s, 4.4 fps, ball 1910/3171", "progress": 0.269}
{"stage": "PLAYER_DETECTION", "msg": "3242 frames, t=648s, 4.4 fps, ball 1934/3242", "progress": 0.275}
{"stage": "PLAYER_DETECTION", "msg": "3312 frames, t=662s, 4.4 fps, ball 1986/3312", "progress": 0.281}
{"stage": "PLAYER_DETECTION", "msg": "3381 frames, t=676s, 4.4 fps, ball 2015/3381", "progress": 0.287}
{"stage": "PLAYER_DETECTION", "msg": "3433 frames, t=686s, 4.4 fps, ball 2038/3433", "progress": 0.291}
{"stage": "PLAYER_DETECTION", "msg": "3497 frames, t=699s, 4.4 fps, ball 2058/3497", "progress": 0.297}
{"stage": "PLAYER_DETECTION", "msg": "3566 frames, t=713s, 4.4 fps, ball 2091/3566", "progress": 0.303}
{"stage": "PLAYER_DETECTION", "msg": "3637 frames, t=727s, 4.4 fps, ball 2137/3637", "progress": 0.309}
{"stage": "PLAYER_DETECTION", "msg": "3699 frames, t=740s, 4.4 fps, ball 2167/3699", "progress": 0.314}
{"stage": "PLAYER_DETECTION", "msg": "3754 frames, t=751s, 4.3 fps, ball 2191/3754", "progress": 0.318}
{"stage": "PLAYER_DETECTION", "msg": "3814 frames, t=763s, 4.3 fps, ball 2218/3814", "progress": 0.324}
{"stage": "PLAYER_DETECTION", "msg": "3877 frames, t=775s, 4.3 fps, ball 2259/3877", "progress": 0.329}
{"stage": "PLAYER_DETECTION", "msg": "3942 frames, t=788s, 4.3 fps, ball 2296/3942", "progress": 0.334}
{"stage": "PLAYER_DETECTION", "msg": "4002 frames, t=800s, 4.3 fps, ball 2331/4002", "progress": 0.34}
{"stage": "PLAYER_DETECTION", "msg": "4067 frames, t=813s, 4.3 fps, ball 2370/4067", "progress": 0.345}
{"stage": "PLAYER_DETECTION", "msg": "4123 frames, t=824s, 4.3 fps, ball 2390/4123", "progress": 0.35}
{"stage": "PLAYER_DETECTION", "msg": "4184 frames, t=837s, 4.3 fps, ball 2426/4184", "progress": 0.355}
{"stage": "PLAYER_DETECTION", "msg": "4243 frames, t=848s, 4.3 fps, ball 2467/4243", "progress": 0.36}
{"stage": "PLAYER_DETECTION", "msg": "4306 frames, t=861s, 4.3 fps, ball 2511/4306", "progress": 0.365}
{"stage": "PLAYER_DETECTION", "msg": "4357 frames, t=871s, 4.3 fps, ball 2531/4357", "progress": 0.37}
{"stage": "PLAYER_DETECTION", "msg": "4422 frames, t=884s, 4.3 fps, ball 2575/4422", "progress": 0.375}
{"stage": "PLAYER_DETECTION", "msg": "4529 frames, t=906s, 4.3 fps, ball 2659/4529", "progress": 0.384}
{"stage": "PLAYER_DETECTION", "msg": "4590 frames, t=918s, 4.3 fps, ball 2702/4590", "progress": 0.389}
{"stage": "PLAYER_DETECTION", "msg": "4658 frames, t=931s, 4.3 fps, ball 2751/4658", "progress": 0.395}
{"stage": "PLAYER_DETECTION", "msg": "4728 frames, t=945s, 4.3 fps, ball 2812/4728", "progress": 0.401}
{"stage": "PLAYER_DETECTION", "msg": "4798 frames, t=959s, 4.3 fps, ball 2870/4798", "progress": 0.407}
{"stage": "PLAYER_DETECTION", "msg": "4856 frames, t=971s, 4.3 fps, ball 2899/4856", "progress": 0.412}
{"stage": "PLAYER_DETECTION", "msg": "4912 frames, t=982s, 4.3 fps, ball 2920/4912", "progress": 0.417}
{"stage": "PLAYER_DETECTION", "msg": "4986 frames, t=997s, 4.3 fps, ball 2989/4986", "progress": 0.423}
{"stage": "PLAYER_DETECTION", "msg": "5038 frames, t=1007s, 4.3 fps, ball 3012/5038", "progress": 0.427}
{"stage": "PLAYER_DETECTION", "msg": "5100 frames, t=1020s, 4.3 fps, ball 3045/5100", "progress": 0.433}
{"stage": "PLAYER_DETECTION", "msg": "5177 frames, t=1035s, 4.3 fps, ball 3079/5177", "progress": 0.439}
{"stage": "PLAYER_DETECTION", "msg": "5245 frames, t=1049s, 4.3 fps, ball 3130/5245", "progress": 0.445}
{"stage": "PLAYER_DETECTION", "msg": "5310 frames, t=1062s, 4.3 fps, ball 3164/5310", "progress": 0.451}
{"stage": "PLAYER_DETECTION", "msg": "5367 frames, t=1073s, 4.3 fps, ball 3191/5367", "progress": 0.455}
{"stage": "PLAYER_DETECTION", "msg": "5421 frames, t=1084s, 4.3 fps, ball 3213/5421", "progress": 0.46}
{"stage": "PLAYER_DETECTION", "msg": "5489 frames, t=1098s, 4.3 fps, ball 3268/5489", "progress": 0.466}
{"stage": "PLAYER_DETECTION", "msg": "5559 frames, t=1112s, 4.3 fps, ball 3324/5559", "progress": 0.472}
{"stage": "PLAYER_DETECTION", "msg": "5622 frames, t=1124s, 4.3 fps, ball 3366/5622", "progress": 0.477}
{"stage": "PLAYER_DETECTION", "msg": "5690 frames, t=1138s, 4.3 fps, ball 3410/5690", "progress": 0.483}
{"stage": "PLAYER_DETECTION", "msg": "5754 frames, t=1151s, 4.3 fps, ball 3448/5754", "progress": 0.488}
{"stage": "PLAYER_DETECTION", "msg": "5800 frames, t=1160s, 4.3 fps, ball 3458/5800", "progress": 0.492}
{"stage": "PLAYER_DETECTION", "msg": "5838 frames, t=1167s, 4.3 fps, ball 3471/5838", "progress": 0.495}
{"stage": "PLAYER_DETECTION", "msg": "5866 frames, t=1173s, 4.3 fps, ball 3478/5866", "progress": 0.498}
{"stage": "PLAYER_DETECTION", "msg": "5899 frames, t=1180s, 4.2 fps, ball 3499/5899", "progress": 0.501}
{"stage": "PLAYER_DETECTION", "msg": "5934 frames, t=1187s, 4.2 fps, ball 3514/5934", "progress": 0.503}
{"stage": "PLAYER_DETECTION", "msg": "5962 frames, t=1192s, 4.2 fps, ball 3529/5962", "progress": 0.506}
{"stage": "PLAYER_DETECTION", "msg": "5993 frames, t=1198s, 4.2 fps, ball 3556/5993", "progress": 0.508}
{"stage": "PLAYER_DETECTION", "msg": "6028 frames, t=1205s, 4.1 fps, ball 3582/6028", "progress": 0.511}
{"stage": "PLAYER_DETECTION", "msg": "6061 frames, t=1212s, 4.1 fps, ball 3608/6061", "progress": 0.514}
{"stage": "PLAYER_DETECTION", "msg": "6092 frames, t=1218s, 4.1 fps, ball 3629/6092", "progress": 0.517}
{"stage": "PLAYER_DETECTION", "msg": "6124 frames, t=1225s, 4.1 fps, ball 3648/6124", "progress": 0.52}
{"stage": "PLAYER_DETECTION", "msg": "6155 frames, t=1231s, 4.1 fps, ball 3672/6155", "progress": 0.522}
{"stage": "PLAYER_DETECTION", "msg": "6193 frames, t=1238s, 4.0 fps, ball 3698/6193", "progress": 0.525}
{"stage": "PLAYER_DETECTION", "msg": "6228 frames, t=1245s, 4.0 fps, ball 3706/6228", "progress": 0.528}
{"stage": "PLAYER_DETECTION", "msg": "6259 frames, t=1252s, 4.0 fps, ball 3732/6259", "progress": 0.531}
{"stage": "PLAYER_DETECTION", "msg": "6297 frames, t=1259s, 4.0 fps, ball 3735/6297", "progress": 0.534}
{"stage": "PLAYER_DETECTION", "msg": "6331 frames, t=1266s, 4.0 fps, ball 3755/6331", "progress": 0.537}
{"stage": "PLAYER_DETECTION", "msg": "6360 frames, t=1272s, 4.0 fps, ball 3769/6360", "progress": 0.54}
{"stage": "PLAYER_DETECTION", "msg": "6388 frames, t=1277s, 3.9 fps, ball 3785/6388", "progress": 0.542}
{"stage": "PLAYER_DETECTION", "msg": "6418 frames, t=1283s, 3.9 fps, ball 3805/6418", "progress": 0.545}
{"stage": "PLAYER_DETECTION", "msg": "6452 frames, t=1290s, 3.9 fps, ball 3829/6452", "progress": 0.547}
{"stage": "PLAYER_DETECTION", "msg": "6490 frames, t=1298s, 3.9 fps, ball 3852/6490", "progress": 0.551}
{"stage": "PLAYER_DETECTION", "msg": "6527 frames, t=1305s, 3.9 fps, ball 3879/6527", "progress": 0.554}
{"stage": "PLAYER_DETECTION", "msg": "6562 frames, t=1312s, 3.9 fps, ball 3898/6562", "progress": 0.557}
{"stage": "PLAYER_DETECTION", "msg": "6596 frames, t=1319s, 3.8 fps, ball 3910/6596", "progress": 0.56}
{"stage": "PLAYER_DETECTION", "msg": "6623 frames, t=1324s, 3.8 fps, ball 3924/6623", "progress": 0.562}
{"stage": "PLAYER_DETECTION", "msg": "6657 frames, t=1331s, 3.8 fps, ball 3946/6657", "progress": 0.565}
{"stage": "PLAYER_DETECTION", "msg": "6686 frames, t=1337s, 3.8 fps, ball 3973/6686", "progress": 0.567}
{"stage": "PLAYER_DETECTION", "msg": "6734 frames, t=1347s, 3.8 fps, ball 4006/6734", "progress": 0.571}
{"stage": "PLAYER_DETECTION", "msg": "6772 frames, t=1354s, 3.8 fps, ball 4028/6772", "progress": 0.575}
{"stage": "PLAYER_DETECTION", "msg": "6802 frames, t=1360s, 3.8 fps, ball 4043/6802", "progress": 0.577}
{"stage": "PLAYER_DETECTION", "msg": "6838 frames, t=1367s, 3.8 fps, ball 4060/6838", "progress": 0.58}
{"stage": "PLAYER_DETECTION", "msg": "6873 frames, t=1374s, 3.7 fps, ball 4080/6873", "progress": 0.583}
{"stage": "PLAYER_DETECTION", "msg": "6903 frames, t=1380s, 3.7 fps, ball 4107/6903", "progress": 0.586}
{"stage": "PLAYER_DETECTION", "msg": "6934 frames, t=1387s, 3.7 fps, ball 4130/6934", "progress": 0.588}
{"stage": "PLAYER_DETECTION", "msg": "6970 frames, t=1394s, 3.7 fps, ball 4160/6970", "progress": 0.591}
{"stage": "PLAYER_DETECTION", "msg": "7005 frames, t=1401s, 3.7 fps, ball 4186/7005", "progress": 0.594}
{"stage": "PLAYER_DETECTION", "msg": "7048 frames, t=1409s, 3.7 fps, ball 4223/7048", "progress": 0.598}
{"stage": "PLAYER_DETECTION", "msg": "7093 frames, t=1418s, 3.7 fps, ball 4248/7093", "progress": 0.602}
{"stage": "PLAYER_DETECTION", "msg": "7123 frames, t=1424s, 3.7 fps, ball 4267/7123", "progress": 0.604}
{"stage": "PLAYER_DETECTION", "msg": "7153 frames, t=1430s, 3.6 fps, ball 4277/7153", "progress": 0.607}
{"stage": "PLAYER_DETECTION", "msg": "7190 frames, t=1438s, 3.6 fps, ball 4297/7190", "progress": 0.61}
{"stage": "PLAYER_DETECTION", "msg": "7226 frames, t=1445s, 3.6 fps, ball 4311/7226", "progress": 0.613}
{"stage": "PLAYER_DETECTION", "msg": "7274 frames, t=1455s, 3.6 fps, ball 4332/7274", "progress": 0.617}
{"stage": "PLAYER_DETECTION", "msg": "7298 frames, t=1459s, 3.6 fps, ball 4343/7298", "progress": 0.619}
{"stage": "PLAYER_DETECTION", "msg": "7326 frames, t=1465s, 3.6 fps, ball 4362/7326", "progress": 0.622}
{"stage": "PLAYER_DETECTION", "msg": "7369 frames, t=1474s, 3.6 fps, ball 4380/7369", "progress": 0.625}
{"stage": "PLAYER_DETECTION", "msg": "7405 frames, t=1481s, 3.6 fps, ball 4399/7405", "progress": 0.628}
{"stage": "PLAYER_DETECTION", "msg": "7444 frames, t=1489s, 3.6 fps, ball 4424/7444", "progress": 0.632}
{"stage": "PLAYER_DETECTION", "msg": "7513 frames, t=1502s, 3.6 fps, ball 4482/7513", "progress": 0.637}
{"stage": "PLAYER_DETECTION", "msg": "7576 frames, t=1515s, 3.6 fps, ball 4519/7576", "progress": 0.643}
{"stage": "PLAYER_DETECTION", "msg": "7625 frames, t=1525s, 3.6 fps, ball 4535/7625", "progress": 0.647}
{"stage": "PLAYER_DETECTION", "msg": "7681 frames, t=1536s, 3.6 fps, ball 4559/7681", "progress": 0.652}
{"stage": "PLAYER_DETECTION", "msg": "7735 frames, t=1547s, 3.6 fps, ball 4600/7735", "progress": 0.656}
{"stage": "PLAYER_DETECTION", "msg": "7801 frames, t=1560s, 3.6 fps, ball 4648/7801", "progress": 0.662}
{"stage": "PLAYER_DETECTION", "msg": "7861 frames, t=1572s, 3.6 fps, ball 4668/7861", "progress": 0.667}
{"stage": "PLAYER_DETECTION", "msg": "7912 frames, t=1582s, 3.6 fps, ball 4702/7912", "progress": 0.671}
{"stage": "PLAYER_DETECTION", "msg": "7969 frames, t=1594s, 3.6 fps, ball 4740/7969", "progress": 0.676}
{"stage": "PLAYER_DETECTION", "msg": "8036 frames, t=1607s, 3.6 fps, ball 4792/8036", "progress": 0.682}
{"stage": "PLAYER_DETECTION", "msg": "8095 frames, t=1619s, 3.6 fps, ball 4817/8095", "progress": 0.687}
{"stage": "PLAYER_DETECTION", "msg": "8155 frames, t=1631s, 3.6 fps, ball 4845/8155", "progress": 0.692}
{"stage": "PLAYER_DETECTION", "msg": "8218 frames, t=1643s, 3.6 fps, ball 4895/8218", "progress": 0.697}
{"stage": "PLAYER_DETECTION", "msg": "8273 frames, t=1654s, 3.6 fps, ball 4928/8273", "progress": 0.702}
{"stage": "PLAYER_DETECTION", "msg": "8330 frames, t=1666s, 3.6 fps, ball 4947/8330", "progress": 0.707}
{"stage": "PLAYER_DETECTION", "msg": "8402 frames, t=1680s, 3.6 fps, ball 5003/8402", "progress": 0.713}
{"stage": "PLAYER_DETECTION", "msg": "8462 frames, t=1692s, 3.6 fps, ball 5036/8462", "progress": 0.718}
{"stage": "PLAYER_DETECTION", "msg": "8526 frames, t=1705s, 3.6 fps, ball 5072/8526", "progress": 0.723}
{"stage": "PLAYER_DETECTION", "msg": "8591 frames, t=1718s, 3.6 fps, ball 5118/8591", "progress": 0.729}
{"stage": "PLAYER_DETECTION", "msg": "8650 frames, t=1730s, 3.6 fps, ball 5144/8650", "progress": 0.734}
{"stage": "PLAYER_DETECTION", "msg": "8707 frames, t=1741s, 3.6 fps, ball 5182/8707", "progress": 0.739}
{"stage": "PLAYER_DETECTION", "msg": "8765 frames, t=1753s, 3.6 fps, ball 5214/8765", "progress": 0.744}
{"stage": "PLAYER_DETECTION", "msg": "8830 frames, t=1766s, 3.6 fps, ball 5254/8830", "progress": 0.749}
{"stage": "PLAYER_DETECTION", "msg": "8897 frames, t=1779s, 3.6 fps, ball 5305/8897", "progress": 0.755}
{"stage": "PLAYER_DETECTION", "msg": "8960 frames, t=1792s, 3.6 fps, ball 5335/8960", "progress": 0.76}
{"stage": "PLAYER_DETECTION", "msg": "9019 frames, t=1804s, 3.6 fps, ball 5367/9019", "progress": 0.765}
{"stage": "PLAYER_DETECTION", "msg": "9087 frames, t=1817s, 3.6 fps, ball 5420/9087", "progress": 0.771}
{"stage": "PLAYER_DETECTION", "msg": "9151 frames, t=1830s, 3.7 fps, ball 5468/9151", "progress": 0.776}
{"stage": "PLAYER_DETECTION", "msg": "9214 frames, t=1843s, 3.7 fps, ball 5511/9214", "progress": 0.782}
{"stage": "PLAYER_DETECTION", "msg": "9274 frames, t=1855s, 3.7 fps, ball 5562/9274", "progress": 0.787}
{"stage": "PLAYER_DETECTION", "msg": "9337 frames, t=1867s, 3.7 fps, ball 5601/9337", "progress": 0.792}
{"stage": "PLAYER_DETECTION", "msg": "9396 frames, t=1879s, 3.7 fps, ball 5635/9396", "progress": 0.797}
{"stage": "PLAYER_DETECTION", "msg": "9470 frames, t=1894s, 3.7 fps, ball 5690/9470", "progress": 0.804}
{"stage": "PLAYER_DETECTION", "msg": "9554 frames, t=1911s, 3.7 fps, ball 5752/9554", "progress": 0.811}
{"stage": "PLAYER_DETECTION", "msg": "9620 frames, t=1924s, 3.7 fps, ball 5801/9620", "progress": 0.816}
{"stage": "PLAYER_DETECTION", "msg": "9689 frames, t=1938s, 3.7 fps, ball 5850/9689", "progress": 0.822}
{"stage": "PLAYER_DETECTION", "msg": "9748 frames, t=1949s, 3.7 fps, ball 5885/9748", "progress": 0.827}
{"stage": "PLAYER_DETECTION", "msg": "9826 frames, t=1965s, 3.7 fps, ball 5937/9826", "progress": 0.834}
{"stage": "PLAYER_DETECTION", "msg": "9900 frames, t=1980s, 3.7 fps, ball 5989/9900", "progress": 0.84}
{"stage": "PLAYER_DETECTION", "msg": "9966 frames, t=1993s, 3.7 fps, ball 6026/9966", "progress": 0.846}
{"stage": "PLAYER_DETECTION", "msg": "10028 frames, t=2005s, 3.7 fps, ball 6053/10028", "progress": 0.851}
{"stage": "PLAYER_DETECTION", "msg": "10087 frames, t=2017s, 3.7 fps, ball 6081/10087", "progress": 0.856}
{"stage": "PLAYER_DETECTION", "msg": "10156 frames, t=2031s, 3.7 fps, ball 6120/10156", "progress": 0.862}
{"stage": "PLAYER_DETECTION", "msg": "10217 frames, t=2043s, 3.7 fps, ball 6154/10217", "progress": 0.867}
{"stage": "PLAYER_DETECTION", "msg": "10277 frames, t=2055s, 3.7 fps, ball 6185/10277", "progress": 0.872}
{"stage": "PLAYER_DETECTION", "msg": "10334 frames, t=2067s, 3.7 fps, ball 6214/10334", "progress": 0.877}
{"stage": "PLAYER_DETECTION", "msg": "10393 frames, t=2078s, 3.7 fps, ball 6246/10393", "progress": 0.882}
{"stage": "PLAYER_DETECTION", "msg": "10463 frames, t=2092s, 3.7 fps, ball 6295/10463", "progress": 0.888}
{"stage": "PLAYER_DETECTION", "msg": "10521 frames, t=2104s, 3.7 fps, ball 6324/10521", "progress": 0.893}
{"stage": "PLAYER_DETECTION", "msg": "10590 frames, t=2118s, 3.7 fps, ball 6385/10590", "progress": 0.899}
{"stage": "PLAYER_DETECTION", "msg": "10646 frames, t=2129s, 3.7 fps, ball 6403/10646", "progress": 0.903}
{"stage": "PLAYER_DETECTION", "msg": "10717 frames, t=2143s, 3.7 fps, ball 6468/10717", "progress": 0.909}
{"stage": "PLAYER_DETECTION", "msg": "10776 frames, t=2155s, 3.7 fps, ball 6498/10776", "progress": 0.914}
{"stage": "PLAYER_DETECTION", "msg": "10840 frames, t=2168s, 3.7 fps, ball 6550/10840", "progress": 0.92}
{"stage": "PLAYER_DETECTION", "msg": "10901 frames, t=2180s, 3.7 fps, ball 6583/10901", "progress": 0.925}
{"stage": "PLAYER_DETECTION", "msg": "10963 frames, t=2192s, 3.7 fps, ball 6619/10963", "progress": 0.93}
{"stage": "PLAYER_DETECTION", "msg": "11029 frames, t=2206s, 3.7 fps, ball 6662/11029", "progress": 0.936}
{"stage": "PLAYER_DETECTION", "msg": "11099 frames, t=2220s, 3.7 fps, ball 6709/11099", "progress": 0.942}
{"stage": "PLAYER_DETECTION", "msg": "11159 frames, t=2232s, 3.7 fps, ball 6756/11159", "progress": 0.947}
{"stage": "PLAYER_DETECTION", "msg": "11225 frames, t=2245s, 3.8 fps, ball 6797/11225", "progress": 0.952}
{"stage": "PLAYER_DETECTION", "msg": "11278 frames, t=2255s, 3.8 fps, ball 6811/11278", "progress": 0.957}
{"stage": "PLAYER_DETECTION", "msg": "11332 frames, t=2266s, 3.8 fps, ball 6832/11332", "progress": 0.962}
{"stage": "PLAYER_DETECTION", "msg": "11392 frames, t=2278s, 3.8 fps, ball 6857/11392", "progress": 0.967}
{"stage": "PLAYER_DETECTION", "msg": "11461 frames, t=2292s, 3.8 fps, ball 6907/11461", "progress": 0.972}
{"stage": "PLAYER_DETECTION", "msg": "11523 frames, t=2304s, 3.8 fps, ball 6942/11523", "progress": 0.978}
{"stage": "PLAYER_DETECTION", "msg": "11582 frames, t=2316s, 3.8 fps, ball 6969/11582", "progress": 0.983}
{"stage": "PLAYER_DETECTION", "msg": "11646 frames, t=2329s, 3.8 fps, ball 7013/11646", "progress": 0.988}
{"stage": "PLAYER_DETECTION", "msg": "11716 frames, t=2343s, 3.8 fps, ball 7065/11716", "progress": 0.994}
{"stage": "PLAYER_DETECTION", "msg": "11779 frames, t=2356s, 3.8 fps, ball 7078/11779", "progress": 0.999}
{"stage": "PLAYER_DETECTION", "msg": "done: {'frames': 11785, 'persons_raw': 61519, 'persons_on_pitch': 59750, 'ball_full': 301, 'ball_roi': 6301, 'ball_tiled': 478, 'elapsed_s': 3129.7, 'analysis_fps': 3.77, 'ball_rate': 0.601}"}
{"stage": "PLAYER_TRACKING", "msg": "merging track fragments into players"}
{"stage": "PLAYER_TRACKING", "msg": "1226 fragments \u2192 21 players; teams ['black', 'pink']"}
{"stage": "EVENT_DETECTION", "msg": "possession and events"}
{"stage": "EVENT_DETECTION", "msg": "goal zones: calibrated"}
{"stage": "EVENT_DETECTION", "msg": "598 possessions, 153 events {'KEY_PASS': 7, 'SHOT': 41, 'INTERCEPTION': 20, 'SAVE': 2, 'TACKLE': 77, 'DRIBBLE': 2, 'ASSIST': 1, 'GOAL': 3}"}
{"stage": "GENERATING_KLIPS", "msg": "writing debug frames"}
{"stage": "READY", "msg": "wrote output/938101072.json"}
